[11:09:28] autoplay.INFO: autoplay agent #142285  model=gemma4-agent-32k  every=15s  think=false  token=state.json …a6d5  ->  http://192.168.0.91:11434/v1  
[11:09:36] autoplay.INFO: 🤖 Agent #142285 → **plant** (queued #3162703)
> I have 21 wood and am standing on a wood deposit; planting a tree ensures a renewable source for future wood needs.  
[11:09:50] autoplay.INFO: 🤖 Agent #142285 → **chop** {"n":15} (queued #3162709)
> harvesting wood to build up inventory for future crafting or selling  
[11:10:06] autoplay.INFO: 🤖 Agent #142285 → **plant** (queued #3162716)
> I have 20 wood and am standing on a wood deposit; planting a tree ensures a renewable resource for future cycles.  
[11:10:20] autoplay.INFO: 🤖 Agent #142285 → **plant** (queued #3162723)
> I have 21 wood and need to establish a renewable source before moving to the elevator.  
[11:10:35] autoplay.INFO: 🤖 Agent #142285 → **plant** (queued #3162729)
> I have surplus wood and need to establish a renewable source before moving to the elevator.  
[11:10:51] autoplay.INFO: 🤖 Agent #142285 → **plant** (queued #3162736)
> I have 19 wood and need to establish a renewable source before moving to the elevator.  
[11:11:05] autoplay.INFO: 🤖 Agent #142285 → **plant** (queued #3162742)
> planting a tree to ensure wood renewal while I prepare to move to the elevator  
[11:11:20] autoplay.INFO: 🤖 Agent #142285 → **plant** (queued #3162750)
> planting a tree to ensure renewable wood supply while standing on a deposit  
[11:11:35] autoplay.INFO: 🤖 Agent #142285 → **chop** {"n":15} (queued #3162757)
> harvesting wood to reach 30+ for selling or building  
[11:11:50] autoplay.INFO: 🤖 Agent #142285 → **plant** (queued #3162763)
> I have 19 wood and need to establish a renewable source before moving to the elevator.  
[11:12:05] autoplay.INFO: 🤖 Agent #142285 → **ride** (queued #3162769)
> I am standing on an elevator base and need to reach space to contribute to the orbital station.  
[11:12:15] autoplay.INFO: 🤖 Agent #142285 → **plant** (queued #3162777)
> plant a tree to ensure renewable wood supply  
[11:12:35] autoplay.INFO: 🤖 Agent #142285 → **chop** {"n":15} (queued #3162784)
> harvesting wood to build up stock for potential combines or construction  
[11:12:50] autoplay.INFO: 🤖 Agent #142285 → **chop** {"n":15} (queued #3162790)
> harvesting wood to build up inventory for crafting or selling  
[11:13:05] autoplay.INFO: 🤖 Agent #142285 → **chop** {"n":15} (queued #3162798)
> harvest wood to build up stock for crafting or selling  
[11:13:20] autoplay.INFO: 🤖 Agent #142285 → **sell** {"resource":"wood","n":20} (queued #3162804)
> sitting on 35 wood with nothing to craft; selling surplus for credits  
[11:13:35] autoplay.INFO: 🤖 Agent #142285 → **chop** {"n":15} (queued #3162810)
> harvest wood to reach the 20+ threshold for building or selling  
[11:13:50] autoplay.INFO: 🤖 Agent #142285 → **chop** {"n":15} (queued #3162819)
> harvest wood to build up inventory for crafting or selling  
[11:14:05] autoplay.INFO: 🤖 Agent #142285 → **chop** {"n":15} (queued #3162827)
> harvest wood to build up stock for future crafting or selling  
[11:14:20] autoplay.INFO: 🤖 Agent #142285 → **chop** {"n":15} (queued #3162834)
> harvesting wood to build up inventory for future crafting or selling  
[11:14:35] autoplay.INFO: 🤖 Agent #142285 → **chop** {"n":15} (queued #3162841)
> harvesting wood to build up stock for future crafting or selling  
[11:14:50] autoplay.INFO: 🤖 Agent #142285 → **chop** {"n":15} (queued #3162848)
> harvest wood to build up stock for future crafting or selling  
[11:15:05] autoplay.INFO: 🤖 Agent #142285 → **chop** {"n":15} (queued #3162855)
> harvesting wood to reach the 20+ threshold for building or selling  
[11:15:20] autoplay.INFO: 🤖 Agent #142285 → **chop** {"n":15} (queued #3162862)
> harvesting wood to build up stock for future crafting or selling  
[11:15:35] autoplay.INFO: 🤖 Agent #142285 → **sell** {"resource":"wood","n":20} (queued #3162869)
> selling surplus wood to gain credits for future expansion/crafting  
[11:15:50] autoplay.INFO: 🤖 Agent #142285 → **chop** {"n":15} (queued #3162875)
> harvest wood to reach 30+ for potential selling or crafting  
[11:16:05] autoplay.INFO: 🤖 Agent #142285 → **chop** {"n":15} (queued #3162883)
> harvest wood to increase stockpile for potential building or selling  
[11:16:20] autoplay.INFO: 🤖 Agent #142285 → **chop** {"n":15} (queued #3162890)
> harvesting wood to reach a threshold for building or combining  
[11:16:35] autoplay.INFO: 🤖 Agent #142285 → **chop** {"n":15} (queued #3162896)
> harvest wood to reach the 20+ threshold for building or selling  
[11:16:51] autoplay.INFO: 🤖 Agent #142285 → **combine** {"ingredients":{"plastic":1,"wood":1}} (queued #3162903)
> attempting to mint a new item for inventor points as suggested  
[11:17:05] autoplay.INFO: 🤖 Agent #142285 → **chop** {"n":15} (queued #3162910)
> harvest wood to reach the 20+ threshold for building or selling  
[11:17:20] autoplay.INFO: 🤖 Agent #142285 → **chop** {"n":15} (queued #3162917)
> harvest wood to reach the 20+ threshold for building or selling  
[11:17:35] autoplay.INFO: 🤖 Agent #142285 → **sell** {"resource":"wood","n":20} (queued #3162924)
> holding 40 wood and no current craftable recipe; selling surplus for credits  
[11:17:50] autoplay.INFO: 🤖 Agent #142285 → **chop** {"n":15} (queued #3162931)
> harvesting wood to build up resources for future construction or combining  
[11:18:05] autoplay.INFO: 🤖 Agent #142285 → **chop** {"n":15} (queued #3162937)
> harvest wood to build up resources for future construction  
[11:18:20] autoplay.INFO: 🤖 Agent #142285 → **chop** {"n":15} (queued #3162945)
> harvesting wood to reach the 20+ threshold for building or selling  
[11:18:35] autoplay.INFO: 🤖 Agent #142285 → **ride** (queued #3162951)
> I am at the elevator base and have wood to spare; heading to space to contribute to the orbital station.  
[11:18:50] autoplay.INFO: 🤖 Agent #142285 → **chop** {"n":15} (queued #3162958)
> harvest wood to reach the 20+ threshold for building or selling  
[11:19:05] autoplay.INFO: 🤖 Agent #142285 → **chop** {"n":15} (queued #3162965)
> harvesting wood to build up stock for future crafting/building  
[11:19:20] autoplay.INFO: 🤖 Agent #142285 → **chop** {"n":15} (queued #3162972)
> harvesting wood to build up stock for future construction or combinations  
[11:19:35] autoplay.INFO: 🤖 Agent #142285 → **chop** {"n":15} (queued #3162978)
> harvesting wood to build up inventory for future crafting or selling  
[11:19:50] autoplay.INFO: 🤖 Agent #142285 → **chop** {"n":15} (queued #3162985)
> harvesting wood to build up stock for crafting or selling  
[11:20:06] autoplay.INFO: 🤖 Agent #142285 → **sell** {"resource":"wood","n":20} (queued #3162993)
> holding 31 wood with no immediate craft; selling surplus for credits to fund future expansion  
[11:20:20] autoplay.INFO: 🤖 Agent #142285 → **chop** {"n":11} (queued #3162999)
> harvesting wood to increase inventory for future crafting or building  
[11:20:35] autoplay.INFO: 🤖 Agent #142285 → **chop** {"n":12} (queued #3163006)
> harvesting wood to build up inventory for future crafting or building  
[11:20:50] autoplay.INFO: 🤖 Agent #142285 → **chop** {"n":12} (queued #3163014)
> harvest wood to build up inventory for crafting or selling  
[11:21:05] autoplay.INFO: 🤖 Agent #142285 → **chop** {"n":15} (queued #3163020)
> harvesting wood to build up stock for future crafting or selling  
[11:21:20] autoplay.INFO: 🤖 Agent #142285 → **chop** {"n":15} (queued #3163027)
> harvesting wood to build up resources for future crafting or selling  
[11:21:36] autoplay.INFO: 🤖 Agent #142285 → **chop** {"n":15} (queued #3163036)
> harvest wood to build up stock for future construction or combinations  
[11:21:50] autoplay.INFO: 🤖 Agent #142285 → **chop** {"n":15} (queued #3163042)
> harvest wood to build up stock for crafting or selling  
[11:22:05] autoplay.INFO: 🤖 Agent #142285 → **chop** {"n":15} (queued #3163048)
> harvest wood to reach the 20+ threshold for building or selling  
[11:22:20] autoplay.INFO: 🤖 Agent #142285 → **chop** {"n":15} (queued #3163056)
> harvest wood to reach the 20+ threshold for building or selling  
[11:22:35] autoplay.INFO: 🤖 Agent #142285 → **chop** {"n":15} (queued #3163063)
> harvest wood to reach the 20+ threshold for building or selling  
[11:22:50] autoplay.INFO: 🤖 Agent #142285 → **chop** {"n":15} (queued #3163069)
> harvest wood to reach the 20+ threshold for building or selling  
[11:23:01] autoplay.INFO: 🤖 Agent #142285 → **chop** {"n":15} (queued #3163075)
> harvesting wood to build up stock for future construction or combining  
[11:23:20] autoplay.INFO: 🤖 Agent #142285 → **plant** (queued #3163082)
> planting a tree to ensure wood remains renewable for future construction  
[11:23:35] autoplay.INFO: 🤖 Agent #142285 → **plant** (queued #3163089)
> I have 31 wood; planting a tree ensures a renewable source of wood for future needs.  
[11:23:51] autoplay.INFO: 🤖 Agent #142285 → **plant** (queued #3163096)
> I have 29 wood and need to establish a renewable source before moving to the elevator.  
[11:24:05] autoplay.INFO: 🤖 Agent #142285 → **plant** (queued #3163102)
> planting wood to ensure a renewable resource supply for future crafting  
[11:24:21] autoplay.INFO: 🤖 Agent #142285 → **plant** (queued #3163110)
> planting wood to ensure a renewable resource supply while I prepare to move to the elevator  
[11:24:36] autoplay.INFO: 🤖 Agent #142285 → **combine** {"ingredients":{"engine":1,"magnet":1}} (queued #3163117)
> attempting to invent a new item with held resources  
[11:24:50] autoplay.INFO: 🤖 Agent #142285 → **ride** (queued #3163123)
> standing on elevator base to reach space for station construction  
[11:25:06] autoplay.INFO: 🤖 Agent #142285 → **plant** (queued #3163131)
> I have 26 wood and just finished chopping; planting a tree ensures a renewable source of wood for future crafting.  
[11:25:17] autoplay.INFO: 🤖 Agent #142285 → **plant** (queued #3163137)
> I have 26 wood and just finished chopping; planting a tree ensures a renewable resource supply while I prepare for next steps.  
[11:25:36] autoplay.INFO: 🤖 Agent #142285 → **chop** {"n":15} (queued #3163145)
> I have 24 wood and need more to reach the 30+ threshold for selling or building, so I will harvest the nearby wood deposit.  
[11:25:51] autoplay.INFO: 🤖 Agent #142285 → **chop** {"n":15} (queued #3163151)
> I have 24 wood and need more to reach the 30+ threshold for selling or to prepare for future building/combining.  
[11:26:06] autoplay.INFO: 🤖 Agent #142285 → **sell** {"resource":"wood","n":20} (queued #3163158)
> I have 33 wood and no current use for it; selling 20 to the depot increases my credits for future expansion/building.  
[11:26:21] autoplay.INFO: 🤖 Agent #142285 → **sell** {"resource":"wood","n":20} (queued #3163165)
> I have 33 wood and no current use for it; selling surplus for credits is the best way to build capital for future expansion.  
[11:26:36] autoplay.INFO: 🤖 Agent #142285 → **chop** {"n":13} (queued #3163172)
> I need more wood to reach the 20+ threshold for building or selling, and I am standing on a deposit.  
[11:26:51] autoplay.INFO: 🤖 Agent #142285 → **chop** {"n":14} (queued #3163179)
> I need more wood to reach the 20+ threshold for building or to prepare for future combines.  
[11:27:06] autoplay.INFO: 🤖 Agent #142285 → **chop** {"n":15} (queued #3163186)
> I need more wood to reach the threshold for building or selling, as I am currently at 16 wood.  
[11:27:21] autoplay.INFO: 🤖 Agent #142285 → **chop** {"n":15} (queued #3163194)
> I have 17 wood and need more for construction or further combinations; harvesting the nearby wood deposit is the most efficient way to build up my stock.  
[11:27:32] autoplay.INFO: 🤖 Agent #142285 → **chop** {"n":15} (queued #3163199)
> I have 17 wood and am standing on a deposit; harvesting more allows for future building or selling.  
[11:27:51] autoplay.INFO: 🤖 Agent #142285 → **plant** (queued #3163209)
> I have 19 wood and should plant to ensure a renewable source of wood for future crafting/building.  
[11:28:06] autoplay.INFO: 🤖 Agent #142285 → **plant** (queued #3163215)
> I have 19 wood and need to establish a renewable source to avoid looping on harvest/chop.  
[11:28:21] autoplay.INFO: 🤖 Agent #142285 → **plant** (queued #3163223)
> I have 17 wood and should plant a tree to ensure a renewable source of wood for future needs.  
[11:28:36] autoplay.INFO: 🤖 Agent #142285 → **plant** (queued #3163230)
> I have 17 wood and am standing on a deposit; planting a tree ensures a renewable source of wood for future needs.  
[11:28:51] autoplay.INFO: 🤖 Agent #142285 → **combine** {"ingredients":{"logic_board":1,"wood":1}} (queued #3163236)
> Attempting a speculative combine to earn inventor points as suggested.  
[11:29:06] autoplay.INFO: 🤖 Agent #142285 → **plant** (queued #3163244)
> I have 15 wood; planting a tree creates a renewable resource source for future harvesting.  
[11:29:21] autoplay.INFO: 🤖 Agent #142285 → **plant** (queued #3163251)
> I have 14 wood; planting a tree ensures a renewable source of wood for future crafting or building.  
[11:29:36] autoplay.INFO: 🤖 Agent #142285 → **plant** (queued #3163257)
> I have 13 wood and am standing on a wood deposit; planting a tree ensures a renewable source for future wood needs.  
[11:29:51] autoplay.INFO: 🤖 Agent #142285 → **plant** (queued #3163265)
> I have 13 wood and am standing on a wood deposit; planting a tree ensures a renewable source of wood for future crafting or building.  
[11:30:06] autoplay.INFO: 🤖 Agent #142285 → **plant** (queued #3163272)
> I have 11 wood; planting a tree ensures a renewable source of wood for future crafting/building.  
[11:30:21] autoplay.INFO: 🤖 Agent #142285 → **plant** (queued #3163279)
> I have 11 wood and am standing on a deposit; planting a tree ensures a renewable source of wood for future crafting or building.  
[11:30:36] autoplay.INFO: 🤖 Agent #142285 → **plant** (queued #3163286)
> I have 9 wood; planting a tree creates a renewable resource source for future harvesting.  
[11:30:51] autoplay.INFO: 🤖 Agent #142285 → **plant** (queued #3163292)
> I have 9 wood; planting a tree ensures a renewable source of wood for future crafting/building.  
[11:31:06] autoplay.INFO: 🤖 Agent #142285 → **plant** (queued #3163298)
> I have 7 wood and am standing on a wood deposit; planting a tree ensures a renewable source of wood for future crafting or building.  
[11:31:21] autoplay.INFO: 🤖 Agent #142285 → **plant** (queued #3163307)
> I have 6 wood; planting a tree creates a renewable resource to ensure long-term sustainability while I prepare for space.  
[11:31:36] autoplay.INFO: 🤖 Agent #142285 → **plant** (queued #3163313)
> I have 5 wood and no plants nearby; planting a tree ensures a renewable source of wood for future crafting.  
[11:31:44] autoplay.INFO: ⏸️ Autoplay turn skipped — another driver (`bot.php:99176`) holds the lease.  
[11:31:59] autoplay.INFO: ⏸️ Autoplay turn skipped — another driver (`bot.php:99176`) holds the lease.  
[11:32:14] autoplay.INFO: ⏸️ Autoplay turn skipped — another driver (`bot.php:99176`) holds the lease.  
[11:32:29] autoplay.INFO: ⏸️ Autoplay turn skipped — another driver (`bot.php:99176`) holds the lease.  
[11:32:44] autoplay.INFO: ⏸️ Autoplay turn skipped — another driver (`bot.php:99176`) holds the lease.  
[11:32:59] autoplay.INFO: ⏸️ Autoplay turn skipped — another driver (`bot.php:99176`) holds the lease.  
[11:33:14] autoplay.INFO: ⏸️ Autoplay turn skipped — another driver (`bot.php:99176`) holds the lease.  
[11:33:29] autoplay.INFO: ⏸️ Autoplay turn skipped — another driver (`bot.php:99176`) holds the lease.  
[11:33:44] autoplay.INFO: ⏸️ Autoplay turn skipped — another driver (`bot.php:99176`) holds the lease.  
[11:33:59] autoplay.INFO: ⏸️ Autoplay turn skipped — another driver (`bot.php:99176`) holds the lease.  
[11:34:14] autoplay.INFO: ⏸️ Autoplay turn skipped — another driver (`bot.php:99176`) holds the lease.  
[11:34:29] autoplay.INFO: ⏸️ Autoplay turn skipped — another driver (`bot.php:99176`) holds the lease.  
[11:34:44] autoplay.INFO: ⏸️ Autoplay turn skipped — another driver (`bot.php:99176`) holds the lease.  
[11:34:59] autoplay.INFO: ⏸️ Autoplay turn skipped — another driver (`bot.php:99176`) holds the lease.  
[11:35:14] autoplay.INFO: ⏸️ Autoplay turn skipped — another driver (`bot.php:99176`) holds the lease.  
[11:35:29] autoplay.INFO: ⏸️ Autoplay turn skipped — another driver (`bot.php:99176`) holds the lease.  
[11:35:44] autoplay.INFO: ⏸️ Autoplay turn skipped — another driver (`bot.php:99176`) holds the lease.  
[11:35:59] autoplay.INFO: ⏸️ Autoplay turn skipped — another driver (`bot.php:99176`) holds the lease.  
[11:36:14] autoplay.INFO: ⏸️ Autoplay turn skipped — another driver (`bot.php:99176`) holds the lease.  
[11:36:29] autoplay.INFO: ⏸️ Autoplay turn skipped — another driver (`bot.php:99176`) holds the lease.  
[11:36:44] autoplay.INFO: ⏸️ Autoplay turn skipped — another driver (`bot.php:99176`) holds the lease.  
[11:36:59] autoplay.INFO: ⏸️ Autoplay turn skipped — another driver (`bot.php:99176`) holds the lease.  
[11:37:14] autoplay.INFO: ⏸️ Autoplay turn skipped — another driver (`bot.php:99176`) holds the lease.  
[11:37:29] autoplay.INFO: ⏸️ Autoplay turn skipped — another driver (`bot.php:99176`) holds the lease.  
[11:37:44] autoplay.INFO: ⏸️ Autoplay turn skipped — another driver (`bot.php:99176`) holds the lease.  
[11:37:59] autoplay.INFO: ⏸️ Autoplay turn skipped — another driver (`bot.php:99176`) holds the lease.  
[11:38:14] autoplay.INFO: ⏸️ Autoplay turn skipped — another driver (`bot.php:99176`) holds the lease.  
[11:38:29] autoplay.INFO: ⏸️ Autoplay turn skipped — another driver (`bot.php:99176`) holds the lease.  
[11:38:44] autoplay.INFO: ⏸️ Autoplay turn skipped — another driver (`bot.php:99176`) holds the lease.  
[11:38:59] autoplay.INFO: ⏸️ Autoplay turn skipped — another driver (`bot.php:99176`) holds the lease.  
[11:39:14] autoplay.INFO: ⏸️ Autoplay turn skipped — another driver (`bot.php:99176`) holds the lease.  
[11:39:29] autoplay.INFO: ⏸️ Autoplay turn skipped — another driver (`bot.php:99176`) holds the lease.  
[11:39:44] autoplay.INFO: ⏸️ Autoplay turn skipped — another driver (`bot.php:99176`) holds the lease.  
[11:39:59] autoplay.INFO: ⏸️ Autoplay turn skipped — another driver (`bot.php:99176`) holds the lease.  
[11:40:14] autoplay.INFO: ⏸️ Autoplay turn skipped — another driver (`bot.php:99176`) holds the lease.  
[11:40:29] autoplay.INFO: ⏸️ Autoplay turn skipped — another driver (`bot.php:99176`) holds the lease.  
[11:40:44] autoplay.INFO: ⏸️ Autoplay turn skipped — another driver (`bot.php:99176`) holds the lease.  
[11:40:59] autoplay.INFO: ⏸️ Autoplay turn skipped — another driver (`bot.php:99176`) holds the lease.  
[11:41:14] autoplay.INFO: ⏸️ Autoplay turn skipped — another driver (`bot.php:99176`) holds the lease.  
[11:41:29] autoplay.INFO: ⏸️ Autoplay turn skipped — another driver (`bot.php:99176`) holds the lease.  
[11:41:44] autoplay.INFO: ⏸️ Autoplay turn skipped — another driver (`bot.php:99176`) holds the lease.  
[11:41:59] autoplay.INFO: ⏸️ Autoplay turn skipped — another driver (`bot.php:99176`) holds the lease.  
[11:42:14] autoplay.INFO: ⏸️ Autoplay turn skipped — another driver (`bot.php:99176`) holds the lease.  
[11:42:29] autoplay.INFO: ⏸️ Autoplay turn skipped — another driver (`bot.php:99176`) holds the lease.  
[11:42:44] autoplay.INFO: ⏸️ Autoplay turn skipped — another driver (`bot.php:99176`) holds the lease.  
